// Jest Snapshot v1, https://goo.gl/fbAQLP

exports[`prettier-plugin-gherkin format \`basic.feature\` file 1`] = `
"Feature: Minimal

  Scenario: minimalistic
    Given the minimalism
    When you change nothing
    Then it's still small"
`;
